// Jest Snapshot v1, https://goo.gl/fbAQLP

exports[`should render <App /> component with day view 1`] = `
<div
  class="main-content container-fluid"
>
  <div
    class="main-content-header-container"
  >
    <div
      class="header-descr"
    >
      <p>
        Event calendar
      </p>
    </div>
  </div>
  <div
    class="main-content-container row"
  >
    <div
      class="sub-calendar-container col-xs-12 col-sm-12 col-md-3 col-lg-3"
    >
      <div
        class="sub-calendar-container__wrapper row"
      >
        <div
          class="sub-calendar-container__month hidden-xs hidden-sm col-md-12 col-lg-12"
        >
          <div
            class="calendar"
          >
            <div
              class="header row flex-middle"
            >
              <div
                class="col col-start"
              >
                <div
                  class="icon"
                >
                  <span>
                    <i
                      class="glyphicon glyphicon-chevron-left"
                    />
                  </span>
                </div>
              </div>
              <div
                class="col col-center"
              >
                <span>
                  February 2019
                </span>
              </div>
              <div
                class="col col-end"
              >
                <div
                  class="icon"
                >
                  <span>
                    <i
                      class="glyphicon glyphicon-chevron-right"
                    />
                  </span>
                </div>
              </div>
            </div>
            <div
              class="days row"
            >
              <div
                class="col col-center"
              >
                S
              </div>
              <div
                class="col col-center"
              >
                M
              </div>
              <div
                class="col col-center"
              >
                T
              </div>
              <div
                class="col col-center"
              >
                W
              </div>
              <div
                class="col col-center"
              >
                T
              </div>
              <div
                class="col col-center"
              >
                F
              </div>
              <div
                class="col col-center"
              >
                S
              </div>
            </div>
            <div
              class="body"
            >
              <div
                class="row"
              >
                <div
                  class="col cell disabled"
                >
                  <span
                    class="number"
                    data-formatted="27"
                  >
                    27
                  </span>
                </div>
                <div
                  class="col cell disabled"
                >
                  <span
                    class="number"
                    data-formatted="28"
                  >
                    28
                  </span>
                </div>
                <div
                  class="col cell disabled"
                >
                  <span
                    class="number"
                    data-formatted="29"
                  >
                    29
                  </span>
                </div>
                <div
                  class="col cell disabled"
                >
                  <span
                    class="number"
                    data-formatted="30"
                  >
                    30
                  </span>
                </div>
                <div
                  class="col cell disabled"
                >
                  <span
                    class="number"
                    data-formatted="31"
                  >
                    31
                  </span>
                </div>
                <div
                  class="col cell "
                >
                  <span
                    class="number"
                    data-formatted="1"
                  >
                    1
                  </span>
                </div>
                <div
                  class="col cell "
                >
                  <span
                    class="number"
                    data-formatted="2"
                  >
                    2
                  </span>
                </div>
              </div>
              <div
                class="row"
              >
                <div
                  class="col cell "
                >
                  <span
                    class="number"
                    data-formatted="3"
                  >
                    3
                  </span>
                </div>
                <div
                  class="col cell "
                >
                  <span
                    class="number"
                    data-formatted="4"
                  >
                    4
                  </span>
                </div>
                <div
                  class="col cell "
                >
                  <span
                    class="number"
                    data-formatted="5"
                  >
                    5
                  </span>
                </div>
                <div
                  class="col cell "
                >
                  <span
                    class="number"
                    data-formatted="6"
                  >
                    6
                  </span>
                </div>
                <div
                  class="col cell "
                >
                  <span
                    class="number"
                    data-formatted="7"
                  >
                    7
                  </span>
                </div>
                <div
                  class="col cell "
                >
                  <span
                    class="number"
                    data-formatted="8"
                  >
                    8
                  </span>
                </div>
                <div
                  class="col cell "
                >
                  <span
                    class="number"
                    data-formatted="9"
                  >
                    9
                  </span>
                </div>
              </div>
              <div
                class="row"
              >
                <div
                  class="col cell "
                >
                  <span
                    class="number"
                    data-formatted="10"
                  >
                    10
                  </span>
                </div>
                <div
                  class="col cell selected"
                >
                  <span
                    class="number"
                    data-formatted="11"
                  >
                    11
                  </span>
                </div>
                <div
                  class="col cell "
                >
                  <span
                    class="number"
                    data-formatted="12"
                  >
                    12
                  </span>
                </div>
                <div
                  class="col cell "
                >
                  <span
                    class="number"
                    data-formatted="13"
                  >
                    13
                  </span>
                </div>
                <div
                  class="col cell "
                >
                  <span
                    class="number"
                    data-formatted="14"
                  >
                    14
                  </span>
                </div>
                <div
                  class="col cell "
                >
                  <span
                    class="number"
                    data-formatted="15"
                  >
                    15
                  </span>
                </div>
                <div
                  class="col cell "
                >
                  <span
                    class="number"
                    data-formatted="16"
                  >
                    16
                  </span>
                </div>
              </div>
              <div
                class="row"
              >
                <div
                  class="col cell "
                >
                  <span
                    class="number"
                    data-formatted="17"
                  >
                    17
                  </span>
                </div>
                <div
                  class="col cell "
                >
                  <span
                    class="number"
                    data-formatted="18"
                  >
                    18
                  </span>
                </div>
                <div
                  class="col cell "
                >
                  <span
                    class="number"
                    data-formatted="19"
                  >
                    19
                  </span>
                </div>
                <div
                  class="col cell "
                >
                  <span
                    class="number"
                    data-formatted="20"
                  >
                    20
                  </span>
                </div>
                <div
                  class="col cell "
                >
                  <span
                    class="number"
                    data-formatted="21"
                  >
                    21
                  </span>
                </div>
                <div
                  class="col cell "
                >
                  <span
                    class="number"
                    data-formatted="22"
                  >
                    22
                  </span>
                </div>
                <div
                  class="col cell "
                >
                  <span
                    class="number"
                    data-formatted="23"
                  >
                    23
                  </span>
                </div>
              </div>
              <div
                class="row"
              >
                <div
                  class="col cell "
                >
                  <span
                    class="number"
                    data-formatted="24"
                  >
                    24
                  </span>
                </div>
                <div
                  class="col cell "
                >
                  <span
                    class="number"
                    data-formatted="25"
                  >
                    25
                  </span>
                </div>
                <div
                  class="col cell "
                >
                  <span
                    class="number"
                    data-formatted="26"
                  >
                    26
                  </span>
                </div>
                <div
                  class="col cell "
                >
                  <span
                    class="number"
                    data-formatted="27"
                  >
                    27
                  </span>
                </div>
                <div
                  class="col cell "
                >
                  <span
                    class="number"
                    data-formatted="28"
                  >
                    28
                  </span>
                </div>
                <div
                  class="col cell disabled"
                >
                  <span
                    class="number"
                    data-formatted="1"
                  >
                    1
                  </span>
                </div>
                <div
                  class="col cell disabled"
                >
                  <span
                    class="number"
                    data-formatted="2"
                  >
                    2
                  </span>
                </div>
              </div>
            </div>
          </div>
        </div>
        <div
          class="sub-calendar-container__mycalendar col-xs-12 col-sm-12 col-md-12 col-lg-12"
        >
          <div
            class="my-calendar-container"
          >
            <div
              class="my-calendar-container__header"
            >
              <span>
                <h4>
                  My Calendars
                </h4>
              </span>
            </div>
            <div
              class="my-calendar-container__list-container"
            >
              <ul
                class="my-calendar-container__list row"
              >
                <li>
                  <div
                    class="checkbox-containercol-sm-12 col-md-12"
                  >
                    <label
                      class="custom-control-checkbox-container"
                    >
                      <input
                        aria-label="checkbox for calendar types"
                        class="mycalendar-checkbox-input custom-control-input"
                        id="checkbox-calendar-type1"
                        type="checkbox"
                      />
                      <span
                        class="custom-control-indicator"
                      />
                      <span
                        class="mycalendar-checkbox-label custom-control-description"
                        for="checkbox-calendar-type1"
                      >
                        Calendar 1
                      </span>
                    </label>
                  </div>
                </li>
                <li>
                  <div
                    class="checkbox-containercol-sm-12 col-md-12"
                  >
                    <label
                      class="custom-control-checkbox-container"
                    >
                      <input
                        aria-label="checkbox for calendar types"
                        class="mycalendar-checkbox-input custom-control-input"
                        id="checkbox-calendar-type1"
                        type="checkbox"
                      />
                      <span
                        class="custom-control-indicator"
                      />
                      <span
                        class="mycalendar-checkbox-label custom-control-description"
                        for="checkbox-calendar-type1"
                      >
                        Calendar 2
                      </span>
                    </label>
                  </div>
                </li>
                <li>
                  <div
                    class="checkbox-containercol-sm-12 col-md-12"
                  >
                    <label
                      class="custom-control-checkbox-container"
                    >
                      <input
                        aria-label="checkbox for calendar types"
                        class="mycalendar-checkbox-input custom-control-input"
                        id="checkbox-calendar-type1"
                        type="checkbox"
                      />
                      <span
                        class="custom-control-indicator"
                      />
                      <span
                        class="mycalendar-checkbox-label custom-control-description"
                        for="checkbox-calendar-type1"
                      >
                        Calendar 3
                      </span>
                    </label>
                  </div>
                </li>
              </ul>
            </div>
          </div>
        </div>
      </div>
    </div>
    <div
      class="sub-content-container col-xs-12 col-sm-12 col-md-9 col-lg-9"
    >
      <div
        class="sub-content-container__header row"
      >
        <div
          class="sub-content-container__header-dateTimeDisplay  col-xs-12 col-sm-12 col-md-8 "
        >
          <div
            class="row"
          >
            <div
              class="col-md-2"
            >
              <span>
                <i
                  class="glyphicon glyphicon-menu-left"
                />
              </span>
              <span>
                <i
                  class="glyphicon glyphicon-menu-right"
                />
              </span>
            </div>
            <div
              class="col-md-10"
            >
              11 February 2019
            </div>
          </div>
        </div>
        <div
          class="sub-content-container__header-navMenu hidden-xs hidden-sm col-md-4 col-lg-4"
        >
          <ul
            class="day-week-calendar-menu-container"
          >
            <div
              class="day-calendar-menu-container"
            >
              <ul
                class="nav nav-pills"
              >
                <li
                  class="active"
                >
                  <a
                    aria-current="page"
                    class="active"
                    href="#/dayCalendar"
                  >
                    Day
                  </a>
                </li>
              </ul>
            </div>
            <div
              class="week-calendar-menu-container"
            >
              <ul
                class="nav nav-pills"
              >
                <li
                  class=""
                >
                  <a
                    class=""
                    href="#/weekCalendar"
                  >
                    Week
                  </a>
                </li>
              </ul>
            </div>
          </ul>
        </div>
         
      </div>
      <div
        class="day-calendar-container"
      >
        <div
          class="one"
        >
          <div>
            <div
              class="hour-container-wrapper"
            >
              <div
                class="hour"
              >
                00
                :00
              </div>
              <div
                class="hour-inner"
              >
                <div
                  class="border-bottom"
                />
              </div>
            </div>
            <div
              class="hour-container-wrapper"
            >
              <div
                class="hour"
              >
                01
                :00
              </div>
              <div
                class="hour-inner"
              >
                <div
                  class="border-bottom"
                />
              </div>
            </div>
            <div
              class="hour-container-wrapper"
            >
              <div
                class="hour"
              >
                02
                :00
              </div>
              <div
                class="hour-inner"
              >
                <div
                  class="border-bottom"
                />
                <div
                  class="event-container-wrapper"
                >
                  <div>
                    <div
                      class="event-container"
                    >
                      <div
                        class="event-card"
                        role="button"
                        style="top: 120px; height: 80px; width: 100%;"
                      >
                        <div
                          class="event-name"
                        >
                          <span>
                            Event Name
                          </span>
                        </div>
                        <div
                          class="event-time"
                        >
                          <span>
                            12:30 - 14:30
                          </span>
                        </div>
                      </div>
                    </div>
                  </div>
                </div>
              </div>
            </div>
            <div
              class="hour-container-wrapper"
            >
              <div
                class="hour"
              >
                03
                :00
              </div>
              <div
                class="hour-inner"
              >
                <div
                  class="border-bottom"
                />
              </div>
            </div>
            <div
              class="hour-container-wrapper"
            >
              <div
                class="hour"
              >
                04
                :00
              </div>
              <div
                class="hour-inner"
              >
                <div
                  class="border-bottom"
                />
              </div>
            </div>
            <div
              class="hour-container-wrapper"
            >
              <div
                class="hour"
              >
                05
                :00
              </div>
              <div
                class="hour-inner"
              >
                <div
                  class="border-bottom"
                />
              </div>
            </div>
            <div
              class="hour-container-wrapper"
            >
              <div
                class="hour"
              >
                06
                :00
              </div>
              <div
                class="hour-inner"
              >
                <div
                  class="border-bottom"
                />
              </div>
            </div>
            <div
              class="hour-container-wrapper"
            >
              <div
                class="hour"
              >
                07
                :00
              </div>
              <div
                class="hour-inner"
              >
                <div
                  class="border-bottom"
                />
              </div>
            </div>
            <div
              class="hour-container-wrapper"
            >
              <div
                class="hour"
              >
                08
                :00
              </div>
              <div
                class="hour-inner"
              >
                <div
                  class="border-bottom"
                />
              </div>
            </div>
            <div
              class="hour-container-wrapper"
            >
              <div
                class="hour"
              >
                09
                :00
              </div>
              <div
                class="hour-inner"
              >
                <div
                  class="border-bottom"
                />
                <div
                  class="event-container-wrapper"
                >
                  <div>
                    <div
                      class="event-container"
                    >
                      <div
                        class="event-card"
                        role="button"
                        style="top: 400px; height: 40px; width: 100%;"
                      >
                        <div
                          class="event-name"
                        >
                          <span>
                            Event Name
                          </span>
                        </div>
                        <div
                          class="event-time"
                        >
                          <span>
                            12:30 - 14:30
                          </span>
                        </div>
                      </div>
                    </div>
                  </div>
                </div>
              </div>
            </div>
            <div
              class="hour-container-wrapper"
            >
              <div
                class="hour"
              >
                10
                :00
              </div>
              <div
                class="hour-inner"
              >
                <div
                  class="border-bottom"
                />
              </div>
            </div>
            <div
              class="hour-container-wrapper"
            >
              <div
                class="hour"
              >
                11
                :00
              </div>
              <div
                class="hour-inner"
              >
                <div
                  class="border-bottom"
                />
              </div>
            </div>
            <div
              class="hour-container-wrapper"
            >
              <div
                class="hour"
              >
                12
                :00
              </div>
              <div
                class="hour-inner"
              >
                <div
                  class="border-bottom"
                />
              </div>
            </div>
            <div
              class="hour-container-wrapper"
            >
              <div
                class="hour"
              >
                13
                :00
              </div>
              <div
                class="hour-inner"
              >
                <div
                  class="border-bottom"
                />
              </div>
            </div>
            <div
              class="hour-container-wrapper"
            >
              <div
                class="hour"
              >
                14
                :00
              </div>
              <div
                class="hour-inner"
              >
                <div
                  class="border-bottom"
                />
              </div>
            </div>
            <div
              class="hour-container-wrapper"
            >
              <div
                class="hour"
              >
                15
                :00
              </div>
              <div
                class="hour-inner"
              >
                <div
                  class="border-bottom"
                />
              </div>
            </div>
            <div
              class="hour-container-wrapper"
            >
              <div
                class="hour"
              >
                16
                :00
              </div>
              <div
                class="hour-inner"
              >
                <div
                  class="border-bottom"
                />
              </div>
            </div>
            <div
              class="hour-container-wrapper"
            >
              <div
                class="hour"
              >
                17
                :00
              </div>
              <div
                class="hour-inner"
              >
                <div
                  class="border-bottom"
                />
              </div>
            </div>
            <div
              class="hour-container-wrapper"
            >
              <div
                class="hour"
              >
                18
                :00
              </div>
              <div
                class="hour-inner"
              >
                <div
                  class="border-bottom"
                />
              </div>
            </div>
            <div
              class="hour-container-wrapper"
            >
              <div
                class="hour"
              >
                19
                :00
              </div>
              <div
                class="hour-inner"
              >
                <div
                  class="border-bottom"
                />
              </div>
            </div>
            <div
              class="hour-container-wrapper"
            >
              <div
                class="hour"
              >
                20
                :00
              </div>
              <div
                class="hour-inner"
              >
                <div
                  class="border-bottom"
                />
              </div>
            </div>
            <div
              class="hour-container-wrapper"
            >
              <div
                class="hour"
              >
                21
                :00
              </div>
              <div
                class="hour-inner"
              >
                <div
                  class="border-bottom"
                />
              </div>
            </div>
            <div
              class="hour-container-wrapper"
            >
              <div
                class="hour"
              >
                22
                :00
              </div>
              <div
                class="hour-inner"
              >
                <div
                  class="border-bottom"
                />
                <div
                  class="same-hour-container"
                  style="top: 20px;"
                />
              </div>
            </div>
            <div
              class="hour-container-wrapper"
            >
              <div
                class="hour"
              >
                23
                :00
              </div>
              <div
                class="hour-inner"
              >
                <div
                  class="border-bottom"
                />
              </div>
            </div>
          </div>
        </div>
      </div>
    </div>
  </div>
  
</div>
`;

exports[`should render <App /> component with day view for smaller devices 1`] = `
<div
  class="day-calendar-container"
>
  <div
    class="one"
  >
    <div>
      <div
        class="hour-container-wrapper"
      >
        <div
          class="hour"
        >
          00
          :00
        </div>
        <div
          class="hour-inner"
        >
          <div
            class="border-bottom"
          />
        </div>
      </div>
      <div
        class="hour-container-wrapper"
      >
        <div
          class="hour"
        >
          01
          :00
        </div>
        <div
          class="hour-inner"
        >
          <div
            class="border-bottom"
          />
        </div>
      </div>
      <div
        class="hour-container-wrapper"
      >
        <div
          class="hour"
        >
          02
          :00
        </div>
        <div
          class="hour-inner"
        >
          <div
            class="border-bottom"
          />
          <div
            class="event-container-wrapper"
          >
            <div>
              <div
                class="event-container"
              >
                <div
                  class="event-card"
                  role="button"
                  style="top: 120px; height: 80px; width: 100%;"
                >
                  <div
                    class="event-name"
                  >
                    <span>
                      Event Name
                    </span>
                  </div>
                  <div
                    class="event-time"
                  >
                    <span>
                      12:30 - 14:30
                    </span>
                  </div>
                </div>
              </div>
            </div>
          </div>
        </div>
      </div>
      <div
        class="hour-container-wrapper"
      >
        <div
          class="hour"
        >
          03
          :00
        </div>
        <div
          class="hour-inner"
        >
          <div
            class="border-bottom"
          />
        </div>
      </div>
      <div
        class="hour-container-wrapper"
      >
        <div
          class="hour"
        >
          04
          :00
        </div>
        <div
          class="hour-inner"
        >
          <div
            class="border-bottom"
          />
        </div>
      </div>
      <div
        class="hour-container-wrapper"
      >
        <div
          class="hour"
        >
          05
          :00
        </div>
        <div
          class="hour-inner"
        >
          <div
            class="border-bottom"
          />
        </div>
      </div>
      <div
        class="hour-container-wrapper"
      >
        <div
          class="hour"
        >
          06
          :00
        </div>
        <div
          class="hour-inner"
        >
          <div
            class="border-bottom"
          />
        </div>
      </div>
      <div
        class="hour-container-wrapper"
      >
        <div
          class="hour"
        >
          07
          :00
        </div>
        <div
          class="hour-inner"
        >
          <div
            class="border-bottom"
          />
        </div>
      </div>
      <div
        class="hour-container-wrapper"
      >
        <div
          class="hour"
        >
          08
          :00
        </div>
        <div
          class="hour-inner"
        >
          <div
            class="border-bottom"
          />
        </div>
      </div>
      <div
        class="hour-container-wrapper"
      >
        <div
          class="hour"
        >
          09
          :00
        </div>
        <div
          class="hour-inner"
        >
          <div
            class="border-bottom"
          />
          <div
            class="event-container-wrapper"
          >
            <div>
              <div
                class="event-container"
              >
                <div
                  class="event-card"
                  role="button"
                  style="top: 400px; height: 40px; width: 100%;"
                >
                  <div
                    class="event-name"
                  >
                    <span>
                      Event Name
                    </span>
                  </div>
                  <div
                    class="event-time"
                  >
                    <span>
                      12:30 - 14:30
                    </span>
                  </div>
                </div>
              </div>
            </div>
          </div>
        </div>
      </div>
      <div
        class="hour-container-wrapper"
      >
        <div
          class="hour"
        >
          10
          :00
        </div>
        <div
          class="hour-inner"
        >
          <div
            class="border-bottom"
          />
        </div>
      </div>
      <div
        class="hour-container-wrapper"
      >
        <div
          class="hour"
        >
          11
          :00
        </div>
        <div
          class="hour-inner"
        >
          <div
            class="border-bottom"
          />
        </div>
      </div>
      <div
        class="hour-container-wrapper"
      >
        <div
          class="hour"
        >
          12
          :00
        </div>
        <div
          class="hour-inner"
        >
          <div
            class="border-bottom"
          />
        </div>
      </div>
      <div
        class="hour-container-wrapper"
      >
        <div
          class="hour"
        >
          13
          :00
        </div>
        <div
          class="hour-inner"
        >
          <div
            class="border-bottom"
          />
        </div>
      </div>
      <div
        class="hour-container-wrapper"
      >
        <div
          class="hour"
        >
          14
          :00
        </div>
        <div
          class="hour-inner"
        >
          <div
            class="border-bottom"
          />
        </div>
      </div>
      <div
        class="hour-container-wrapper"
      >
        <div
          class="hour"
        >
          15
          :00
        </div>
        <div
          class="hour-inner"
        >
          <div
            class="border-bottom"
          />
        </div>
      </div>
      <div
        class="hour-container-wrapper"
      >
        <div
          class="hour"
        >
          16
          :00
        </div>
        <div
          class="hour-inner"
        >
          <div
            class="border-bottom"
          />
        </div>
      </div>
      <div
        class="hour-container-wrapper"
      >
        <div
          class="hour"
        >
          17
          :00
        </div>
        <div
          class="hour-inner"
        >
          <div
            class="border-bottom"
          />
        </div>
      </div>
      <div
        class="hour-container-wrapper"
      >
        <div
          class="hour"
        >
          18
          :00
        </div>
        <div
          class="hour-inner"
        >
          <div
            class="border-bottom"
          />
        </div>
      </div>
      <div
        class="hour-container-wrapper"
      >
        <div
          class="hour"
        >
          19
          :00
        </div>
        <div
          class="hour-inner"
        >
          <div
            class="border-bottom"
          />
        </div>
      </div>
      <div
        class="hour-container-wrapper"
      >
        <div
          class="hour"
        >
          20
          :00
        </div>
        <div
          class="hour-inner"
        >
          <div
            class="border-bottom"
          />
        </div>
      </div>
      <div
        class="hour-container-wrapper"
      >
        <div
          class="hour"
        >
          21
          :00
        </div>
        <div
          class="hour-inner"
        >
          <div
            class="border-bottom"
          />
        </div>
      </div>
      <div
        class="hour-container-wrapper"
      >
        <div
          class="hour"
        >
          22
          :00
        </div>
        <div
          class="hour-inner"
        >
          <div
            class="border-bottom"
          />
          <div
            class="same-hour-container"
            style="top: 20px;"
          />
        </div>
      </div>
      <div
        class="hour-container-wrapper"
      >
        <div
          class="hour"
        >
          23
          :00
        </div>
        <div
          class="hour-inner"
        >
          <div
            class="border-bottom"
          />
        </div>
      </div>
    </div>
  </div>
</div>
`;

exports[`should render <App /> component with week view 1`] = `
NodeList {
  Symbol(impl): NodeListImpl {
    "_isLive": false,
    "_list": Array [],
    Symbol(wrapper): [Circular],
  },
}
`;
